// Jest Snapshot v1, https://goo.gl/fbAQLP

exports[`CreateBeerFormikForm should work 1`] = `ShallowWrapper {}`;
