// Jest Snapshot v1, https://goo.gl/fbAQLP

exports[`DogItem should render correctly 1`] = `ShallowWrapper {}`;
