// Jest Snapshot v1, https://goo.gl/fbAQLP

exports[`CreateBeerFormik should render correctly 1`] = `ShallowWrapper {}`;
