// Jest Snapshot v1, https://goo.gl/fbAQLP

exports[`DogItem should work 1`] = `ShallowWrapper {}`;
