// Jest Snapshot v1, https://goo.gl/fbAQLP

exports[`CreateBeerForm should render correctly 1`] = `ShallowWrapper {}`;
