// Jest Snapshot v1, https://goo.gl/fbAQLP

exports[`DogFilter should render correctly 1`] = `ShallowWrapper {}`;
