// Jest Snapshot v1, https://goo.gl/fbAQLP

exports[`DogList should work 1`] = `ShallowWrapper {}`;
