// Jest Snapshot v1, https://goo.gl/fbAQLP

exports[`DogDetails should work 1`] = `ShallowWrapper {}`;
